2026-08-16T00:26:10Z | START | WF-02 | WF02-REQ018-20260816 | ORCH → ELIXIR-DEV | Step 00 git setup dispatched
2026-08-16T00:27:12Z | PASS | WF-02 | WF02-REQ018-20260816 | ELIXIR-DEV → ORCH | Step 00 git setup: feature/WF02-REQ018-20260816 created and pushed
2026-08-16T00:27:12Z | STATUS-FLIP | WF-02 | WF02-REQ018-20260816 | ORCH | REQ-018 pending -> in_progress in docs/requirements.yaml; started event appended to docs/status/requirement_status.yaml
2026-08-16T00:30:00Z | DISPATCH | WF-02 | WF02-REQ018-20260816 | ORCH → CODE-DESIGNER | Step 1 design dispatched
2026-08-16T00:35:00Z | PASS | WF-02 | WF02-REQ018-20260816 | CODE-DESIGNER → ORCH | Step 1: lib/letflow/design/req018-jit-provisioning.md produced
2026-08-16T00:36:00Z | DISPATCH | WF-02 | WF02-REQ018-20260816 | ORCH → CODE-DESIGN-VALIDATOR | Step 1b design gate dispatched
2026-08-16T00:40:00Z | PASS | WF-02 | WF02-REQ018-20260816 | CODE-DESIGN-VALIDATOR → ORCH | Step 1b PASS, all checks independently verified against source
2026-08-16T00:41:00Z | DISPATCH | WF-02 | WF02-REQ018-20260816 | ORCH → ELIXIR-DEV | Step 2a backend implementation dispatched
2026-08-16T01:05:00Z | PASS | WF-02 | WF02-REQ018-20260816 | ELIXIR-DEV → ORCH | Step 2a PASS: lib/letflow/identity.ex, lib/letflow/oidc/jit_provisioning_config.ex, User.jit_changeset/2; mix compile clean; empirical Docker/Postgres verification passed; two empirically-forced design deviations found and fixed (conflict_target unsafe_fragment form; Repo.get/2 disambiguation)
2026-08-16T01:06:00Z | DISPATCH | WF-02 | WF02-REQ018-20260816 | ORCH → SECURITY-REVIEWER | Step 2c security gate dispatched
2026-08-16T01:10:00Z | PASS | WF-02 | WF02-REQ018-20260816 | SECURITY-REVIEWER → ORCH | Step 2c PASS: INV-1/4/6/7/8 applicable and satisfied, INV-2/3/5 not-applicable
2026-08-16T01:11:00Z | DISPATCH | WF-02 | WF02-REQ018-20260816 | ORCH → REVIEWER | Step 2d idiom gate dispatched
2026-08-16T01:16:00Z | PASS | WF-02 | WF02-REQ018-20260816 | REVIEWER → ORCH | Step 2d PASS: both empirical deviations independently verified correct against Ecto/ecto_sql source, no scope creep, no supervision touched
2026-08-16T01:17:00Z | DISPATCH | WF-02 | WF02-REQ018-20260816 | ORCH → TEST-DESIGNER | Step 3 test design dispatched
2026-08-16T01:22:00Z | PASS | WF-02 | WF02-REQ018-20260816 | TEST-DESIGNER → ORCH | Step 3: test/specs/REQ-018.md, test/letflow/identity_test.exs, test/letflow/oidc/jit_provisioning_config_test.exs written; 16/16 own verification run
2026-08-16T01:23:00Z | DISPATCH | WF-02 | WF02-REQ018-20260816 | ORCH → TEST-DESIGN-VALIDATOR | Step 3b test design gate dispatched
2026-08-16T01:26:00Z | PASS | WF-02 | WF02-REQ018-20260816 | TEST-DESIGN-VALIDATOR → ORCH | Step 3b PASS: genuine-race evidence confirmed via SQL log, fixture isolation confirmed, 16/16 and 78/78 independently reproduced
2026-08-16T01:27:00Z | DISPATCH | WF-02 | WF02-REQ018-20260816 | ORCH → TEST-RUNNER | Step 4 test run dispatched
2026-08-16T01:29:00Z | PASS | WF-02 | WF02-REQ018-20260816 | TEST-RUNNER → ORCH | Step 4 PASS: 78/78 (4 properties, 74 tests); test/reports/report-2026-08-16-WF02-REQ018-20260816.yaml written
2026-08-16T01:30:00Z | DISPATCH | WF-02 | WF02-REQ018-20260816 | ORCH → RELEASE-VALIDATOR | Step 5 release validation dispatched
2026-08-16T01:33:00Z | FAIL | WF-02 | WF02-REQ018-20260816 | RELEASE-VALIDATOR → ORCH | Step 5 FAIL (rework 1): TEST-DESIGNER's test artifacts (identity_test.exs, jit_provisioning_config_test.exs, REQ-018.md, test report) existed only as untracked working-tree files, never committed — a fresh checkout would have zero test coverage
2026-08-16T01:34:00Z | REWORK | WF-02 | WF02-REQ018-20260816 | ORCH → ELIXIR-DEV | Rework iteration 1 dispatched: commit the missing test artifacts
2026-08-16T01:36:00Z | PASS | WF-02 | WF02-REQ018-20260816 | ELIXIR-DEV → ORCH | Rework 1 PASS: commit bd52a16 adds all four missing files; 78/78 reconfirmed against committed state
2026-08-16T01:37:00Z | DISPATCH | WF-02 | WF02-REQ018-20260816 | ORCH → RELEASE-VALIDATOR | Step 5 re-run dispatched
2026-08-16T01:38:00Z | PASS | WF-02 | WF02-REQ018-20260816 | RELEASE-VALIDATOR → ORCH | Step 5 PASS (2nd pass): blocking finding resolved, commit bd52a16 confirmed, 78/78 reconfirmed, zero lib/ drift since Step 2a
2026-08-16T01:38:38Z | DISPATCH | WF-02 | WF02-REQ018-20260816 | ORCH → DOC-UPDATER | Step 6 doc update dispatched
2026-08-16T01:40:00Z | PASS | WF-02 | WF02-REQ018-20260816 | DOC-UPDATER → ORCH | Step 6 PASS: docs/requirements.yaml REQ-018 -> done, docs/status/requirement_status.yaml done event appended, docs/migration/stage-1-identity.md header updated — all three independently confirmed by ORCH before advancing
2026-08-16T01:41:00Z | DISPATCH | WF-02 | WF02-REQ018-20260816 | ORCH → ELIXIR-DEV | Step Final git merge dispatched
2026-08-16T01:43:06Z | PASS | WF-02 | WF02-REQ018-20260816 | ELIXIR-DEV → ORCH | Step Final PASS: PR #38 squash-merged to main at a6469c4, feature branch deleted, main clean and up to date — independently reverified by ORCH
2026-08-16T01:44:53Z | DONE | WF-02 | WF02-REQ018-20260816 | ORCH | REQ-018 (JIT user provisioning) done. push_status: ok. All gates PASS (CODE-DESIGN-VALIDATOR, SECURITY-REVIEWER, REVIEWER, TEST-DESIGN-VALIDATOR, TEST-RUNNER, RELEASE-VALIDATOR after one rework cycle). Merged main@a6469c4, PR https://github.com/tvolodi/letflow/pull/38.
2026-08-16T03:48:14Z | START | WF-02 | WF02-REQ019-20260816 | ORCH -> ELIXIR-DEV | Step 00 git setup dispatched
2026-08-16T03:51:21Z | PASS | WF-02 | WF02-REQ019-20260816 | ELIXIR-DEV -> ORCH | Step 00 git setup: feature/WF02-REQ019-20260816 created and pushed
2026-08-16T03:51:21Z | STATUS-FLIP | WF-02 | WF02-REQ019-20260816 | ORCH | REQ-019 pending -> in_progress in docs/requirements.yaml; started event appended to docs/status/requirement_status.yaml
2026-08-16T03:51:33Z | DISPATCH | WF-02 | WF02-REQ019-20260816 | ORCH -> CODE-DESIGNER | Step 1 design dispatched
2026-08-16T03:59:43Z | PASS | WF-02 | WF02-REQ019-20260816 | CODE-DESIGNER -> ORCH | Step 1: lib/letflow/design/req019-tenant-realm-binding.md produced
2026-08-16T03:59:43Z | DISPATCH | WF-02 | WF02-REQ019-20260816 | ORCH -> CODE-DESIGN-VALIDATOR | Step 1b design gate dispatched
2026-08-16T04:05:02Z | PASS | WF-02 | WF02-REQ019-20260816 | CODE-DESIGN-VALIDATOR -> ORCH | Step 1b PASS, all checks independently verified against source (migration file, identity.ex, req018 design doc)
2026-08-16T04:05:02Z | DISPATCH | WF-02 | WF02-REQ019-20260816 | ORCH -> ELIXIR-DEV | Step 2a backend implementation dispatched
2026-08-16T04:21:30Z | PASS | WF-02 | WF02-REQ019-20260816 | ELIXIR-DEV -> ORCH | Step 2a PASS: lib/letflow/identity/tenant.ex changesets, lib/letflow/identity.ex resolve/verify functions; mix compile/format/migrate clean; empirical demonstration of all 5 core behaviors against real Docker Postgres
2026-08-16T04:21:30Z | DISPATCH | WF-02 | WF02-REQ019-20260816 | ORCH -> SECURITY-REVIEWER | Step 2c security gate dispatched
2026-08-16T04:31:40Z | PASS | WF-02 | WF02-REQ019-20260816 | SECURITY-REVIEWER -> ORCH | Step 2c PASS: INV-4/6/7/8 applicable and satisfied, INV-1/2/3/5 not-applicable; realm-ownership guard fail-open trace confirmed clean
2026-08-16T04:31:40Z | DISPATCH | WF-02 | WF02-REQ019-20260816 | ORCH -> REVIEWER | Step 2d idiom gate dispatched
2026-08-16T04:38:18Z | PASS | WF-02 | WF02-REQ019-20260816 | REVIEWER -> ORCH | Step 2d PASS: idiomatic, no supervision touched, no scope creep; 1 MINOR non-blocking note (missing Tenant.t() type, pre-existing REQ-015 gap)
2026-08-16T04:38:18Z | DISPATCH | WF-02 | WF02-REQ019-20260816 | ORCH -> TEST-DESIGNER | Step 3 test design dispatched
2026-08-16T04:48:02Z | PASS | WF-02 | WF02-REQ019-20260816 | TEST-DESIGNER -> ORCH | Step 3: test/specs/REQ-019.md, test/letflow/identity_test.exs extended; 97/97 full suite run, fail-catches-bug demonstrated for AC3/AC4
2026-08-16T04:48:02Z | DISPATCH | WF-02 | WF02-REQ019-20260816 | ORCH -> TEST-DESIGN-VALIDATOR | Step 3b test design gate dispatched
2026-08-16T04:50:26Z | PASS | WF-02 | WF02-REQ019-20260816 | TEST-DESIGN-VALIDATOR -> ORCH | Step 3b PASS: all checks a-e pass, verify_realm_ownership/2's 4 branches independently confirmed separate, AC2/AC3 assertions confirmed specific not vacuous, Sandbox per-test isolation confirmed by reading data_case.ex, independently reproduced 29/29 (identity_test.exs) and 97/97 (full suite)
2026-08-16T04:52:35Z | PASS | WF-02 | WF02-REQ019-20260816 | TEST-DESIGN-VALIDATOR -> ORCH | Step 3b PASS: 29/29 file, 97/97 suite independently reproduced; all 4 verify_realm_ownership branches confirmed as separate tests; Sandbox per-test isolation confirmed via data_case.ex
2026-08-16T04:52:35Z | DISPATCH | WF-02 | WF02-REQ019-20260816 | ORCH -> TEST-RUNNER | Step 4 test run dispatched
2026-08-16T05:11:20Z | RESUME | WF-02 | WF02-REQ019-20260816 | ORCH | Run resumed after host interruption; verified steps 00-3b intact on branch (commits 089e90c..1cfad71), REQ-019 status confirmed in_progress, no open PR existed. Committed and pushed the orphaned Step 4 dispatch log line (commit 2682e06).
2026-08-16T05:11:20Z | PASS | WF-02 | WF02-REQ019-20260816 | TEST-RUNNER -> ORCH | Step 4 PASS: independently re-ran suite from cold state (native toolchain, not Docker fallback) -> 97/97 full suite, 29/29 identity_test.exs, matches prior claims. Commit 99f8a32, independently reverified by ORCH (files + content read directly).
2026-08-16T05:11:20Z | DISPATCH | WF-02 | WF02-REQ019-20260816 | ORCH -> RELEASE-VALIDATOR | Step 5 release validation dispatched
2026-08-16T05:18:00Z | PASS | WF-02 | WF02-REQ019-20260816 | RELEASE-VALIDATOR -> ORCH | Step 5 PASS: independently re-ran suite (97/97 full, 29/29 identity_test.exs), all 4 acceptance criteria + description-level items (bpm-default pinning, immutability approach, realm-ownership guard) verified against actual code/tests, no staleness/drift found. 1 MINOR non-blocking finding: identity_test.exs failed mix format --check-formatted.
2026-08-16T05:18:00Z | FIX | WF-02 | WF02-REQ019-20260816 | ORCH | Applied mix format directly to test/letflow/identity_test.exs (single-file cosmetic fix, ORCH sizing-note exception -- not routed through ELIXIR-DEV/TEST-DESIGNER). mix format --check-formatted clean; 29/29 and 97/97 reconfirmed after reformat. Commit 77438ca, pushed.
2026-08-16T05:18:00Z | DISPATCH | WF-02 | WF02-REQ019-20260816 | ORCH -> DOC-UPDATER | Step 6 doc update dispatched
2026-08-16T05:24:00Z | PASS | WF-02 | WF02-REQ019-20260816 | DOC-UPDATER -> ORCH | Step 6 PASS: docs/requirements.yaml REQ-019 -> done, docs/status/requirement_status.yaml done event appended, docs/migration/stage-1-identity.md header moved REQ-019 to done list. All three independently confirmed by ORCH (read directly) before advancing. Commit bd14c58, pushed.
2026-08-16T05:24:00Z | DISPATCH | WF-02 | WF02-REQ019-20260816 | ORCH -> ELIXIR-DEV | Step Final git merge dispatched
2026-08-16T05:18:51Z | PASS | WF-02 | WF02-REQ019-20260816 | ELIXIR-DEV -> ORCH | Step Final PASS: no rebase conflicts, mix compile/format/test all clean (97/97), PR #39 squash-merged to main at 15efb50, feature branch deleted, main clean and up to date — independently reverified by ORCH (gh pr view state=MERGED, requirements.yaml status=done on main, all implementation/test/design files present, stale remote-tracking ref pruned).
2026-08-16T05:18:51Z | DONE | WF-02 | WF02-REQ019-20260816 | ORCH | REQ-019 (Tenant<->realm binding, OIDC-12/ADP-04b equivalent) done. push_status: ok. All gates PASS (CODE-DESIGN-VALIDATOR, SECURITY-REVIEWER, REVIEWER, TEST-DESIGN-VALIDATOR, TEST-RUNNER, RELEASE-VALIDATOR). One MINOR non-blocking finding (test file formatting) fixed inline by ORCH before merge. Merged main@15efb50, PR https://github.com/tvolodi/letflow/pull/39. Run resumed cleanly after a prior host interruption at Step 4 dispatch; no completed step was redone, all were independently reverified before trusting them.
2026-08-16T05:20:47Z | DISPATCH | WF-02 | WF02-REQ020-20260816 | ORCH -> ELIXIR-DEV | Step 00 git setup dispatched for REQ-020 (Per-tenant role registry / TenantRoleStore/IDN-05 equivalent), owned_modules: lib/letflow/identity.ex (extend), lib/letflow/identity/role_registry.ex (new, if CODE-DESIGNER so designs), lib/letflow/design/req020-role-registry.md, test/letflow/identity_test.exs or test/letflow/role_registry_test.exs
2026-08-16T05:20:47Z | PASS | WF-02 | WF02-REQ020-20260816 | ELIXIR-DEV -> ORCH | Step 00 PASS: branch feature/WF02-REQ020-20260816 created from up-to-date main, pushed with upstream tracking
2026-08-16T05:20:47Z | STATUS | WF-02 | WF02-REQ020-20260816 | ORCH | REQ-020 flipped pending -> in_progress in docs/requirements.yaml; started event appended to docs/status/requirement_status.yaml
2026-08-16T05:26:00Z | DISPATCH | WF-02 | WF02-REQ020-20260816 | ORCH -> CODE-DESIGNER | Step 1 code design dispatched
2026-08-16T05:35:00Z | PASS | WF-02 | WF02-REQ020-20260816 | CODE-DESIGNER -> ORCH | Step 1: lib/letflow/design/req020-role-registry.md written -- module placement (new Letflow.Identity.RoleRegistry), 3 function signatures (list_roles/0, upsert_role/2, resolve_role_in_tx/1), upsert transaction shape (Repo.transaction/1 + on_conflict), validation design (String.length codepoint check + Ecto.UUID.cast pre-validation), no-OIDC-coupling invariant stated, all 5 acceptance criteria traced, 4 open questions flagged
